../Core/Src/ESP8266.c:4:6:Wifi_SendRaw	16	static
../Core/Src/ESP8266.c:19:6:Wifi_SendString	16	static
../Core/Src/ESP8266.c:24:6:Wifi_SendStringAndWait	16	static
../Core/Src/ESP8266.c:32:6:Wifi_WaitForString	64	dynamic
../Core/Src/ESP8266.c:78:6:Wifi_ReturnString	32	static
../Core/Src/ESP8266.c:109:6:Wifi_ReturnStrings	64	dynamic
../Core/Src/ESP8266.c:141:6:Wifi_ReturnInteger	24	static
../Core/Src/ESP8266.c:152:6:Wifi_ReturnFloat	24	static
../Core/Src/ESP8266.c:162:6:Wifi_RemoveChar	24	static
../Core/Src/ESP8266.c:174:6:Wifi_RxClear	8	static
../Core/Src/ESP8266.c:181:6:Wifi_TxClear	8	static
../Core/Src/ESP8266.c:186:6:Wifi_RxCallBack	8	static
../Core/Src/ESP8266.c:197:6:Wifi_Init	24	static
../Core/Src/ESP8266.c:220:6:Wifi_Enable	8	static
../Core/Src/ESP8266.c:230:6:Wifi_Disable	8	static
../Core/Src/ESP8266.c:242:6:Wifi_Restart	24	static
../Core/Src/ESP8266.c:263:6:Wifi_DeepSleep	32	static
../Core/Src/ESP8266.c:284:6:Wifi_FactoryReset	24	static
../Core/Src/ESP8266.c:303:6:Wifi_Update	24	static
../Core/Src/ESP8266.c:324:6:Wifi_SetRfPower	32	static
../Core/Src/ESP8266.c:346:6:Wifi_SetMode	32	static
../Core/Src/ESP8266.c:366:6:Wifi_GetMode	24	static
../Core/Src/ESP8266.c:389:6:Wifi_GetMyIp	24	static
../Core/Src/ESP8266.c:413:6:Wifi_Station_ConnectToAp	40	static
../Core/Src/ESP8266.c:438:6:Wifi_Station_Disconnect	24	static
../Core/Src/ESP8266.c:457:6:Wifi_Station_SetIp	40	static
../Core/Src/ESP8266.c:477:6:Wifi_Station_DhcpEnable	32	static
../Core/Src/ESP8266.c:500:6:Wifi_Station_DhcpIsEnable	24	static
../Core/Src/ESP8266.c:547:7:Wifi_SoftAp_Create	48	static
../Core/Src/ESP8266.c:571:6:Wifi_GetApConnection	40	static
../Core/Src/ESP8266.c:621:7:Wifi_SoftAp_GetConnectedDevices	56	static
../Core/Src/ESP8266.c:661:7:Wifi_TcpIp_GetConnectionStatus	56	static
../Core/Src/ESP8266.c:705:7:Wifi_TcpIp_Ping	32	static
../Core/Src/ESP8266.c:726:7:Wifi_TcpIp_SetMultiConnection	32	static
../Core/Src/ESP8266.c:747:7:Wifi_TcpIp_GetMultiConnection	24	static
../Core/Src/ESP8266.c:769:7:Wifi_TcpIp_StartTcpConnection	40	static
../Core/Src/ESP8266.c:806:7:Wifi_TcpIp_StartUdpConnection	40	static
../Core/Src/ESP8266.c:828:7:Wifi_TcpIp_Close	32	static
../Core/Src/ESP8266.c:850:7:Wifi_TcpIp_SetEnableTcpServer	32	static
../Core/Src/ESP8266.c:883:7:Wifi_TcpIp_SetDisableTcpServer	32	static
../Core/Src/ESP8266.c:902:7:Wifi_TcpIp_SendDataUdp	32	static
../Core/Src/ESP8266.c:932:7:Wifi_TcpIp_SendDataTcp_org	32	static
../Core/Src/ESP8266.c:960:7:Wifi_TcpIp_SendDataRealUdp	24	static
../Core/Src/ESP8266.c:982:6:Wifi_Echo_off	24	static
