../Core/Src/main.c:88:5:main	8	static
../Core/Src/main.c:180:6:SystemClock_Config	96	static
../Core/Src/main.c:241:13:MX_I2C1_Init	8	static
../Core/Src/main.c:289:13:MX_TIM2_Init	40	static
../Core/Src/main.c:334:13:MX_USART1_UART_Init	8	static
../Core/Src/main.c:369:13:MX_USART2_UART_Init	8	static
../Core/Src/main.c:404:13:MX_GPIO_Init	40	static
../Core/Src/main.c:440:6:HAL_UART_RxCpltCallback	16	static
../Core/Src/main.c:447:6:instruct_and_read	24	static
../Core/Src/main.c:471:6:read_gyro	32	static
../Core/Src/main.c:487:13:calibration	240	static
../Core/Src/main.c:530:6:send_data	1088	static
../Core/Src/main.c:571:6:HAL_TIM_PeriodElapsedCallback	16	static
../Core/Src/main.c:580:6:Error_Handler	4	static,ignoring_inline_asm
