../Core/Src/main.c:98:5:main	8	static
../Core/Src/main.c:174:6:SystemClock_Config	96	static
../Core/Src/main.c:235:13:MX_I2C1_Init	8	static
../Core/Src/main.c:283:13:MX_TIM2_Init	40	static
../Core/Src/main.c:328:13:MX_USART1_UART_Init	8	static
../Core/Src/main.c:363:13:MX_USART2_UART_Init	8	static
../Core/Src/main.c:398:13:MX_GPIO_Init	40	static
../Core/Src/main.c:434:6:HAL_UART_RxCpltCallback	16	static
../Core/Src/main.c:441:6:instruct_and_read	24	static
../Core/Src/main.c:465:6:read_gyro	32	static
../Core/Src/main.c:481:13:calibration	240	static
../Core/Src/main.c:524:7:module	32	static
../Core/Src/main.c:529:7:movingAverage	32	static
../Core/Src/main.c:541:6:send_data	1072	static
../Core/Src/main.c:587:6:HAL_TIM_PeriodElapsedCallback	16	static
../Core/Src/main.c:596:6:Error_Handler	4	static,ignoring_inline_asm
